###############################################################################
#
# IAR ELF Linker V8.22.1.15669/W32 for ARM                16/Oct/2019  22:33:50
# Copyright 2007-2018 IAR Systems AB.
#
#    Output file  =  D:\RoboconCode\19_frame\EWARM\19_frame\Exe\19_frame.out
#    Map file     =  D:\RoboconCode\19_frame\EWARM\19_frame\List\19_frame.map
#    Command line =  
#        -f C:\Users\12552\AppData\Local\Temp\EWF61A.tmp
#        (D:\RoboconCode\19_frame\EWARM\19_frame\Obj\can.o
#        D:\RoboconCode\19_frame\EWARM\19_frame\Obj\can_func.o
#        D:\RoboconCode\19_frame\EWARM\19_frame\Obj\can_utils.o
#        D:\RoboconCode\19_frame\EWARM\19_frame\Obj\chassis.o
#        D:\RoboconCode\19_frame\EWARM\19_frame\Obj\cmd.o
#        D:\RoboconCode\19_frame\EWARM\19_frame\Obj\cmd_func.o
#        D:\RoboconCode\19_frame\EWARM\19_frame\Obj\configure.o
#        D:\RoboconCode\19_frame\EWARM\19_frame\Obj\dma.o
#        D:\RoboconCode\19_frame\EWARM\19_frame\Obj\flash.o
#        D:\RoboconCode\19_frame\EWARM\19_frame\Obj\gpio.o
#        D:\RoboconCode\19_frame\EWARM\19_frame\Obj\hash.o
#        D:\RoboconCode\19_frame\EWARM\19_frame\Obj\main.o
#        D:\RoboconCode\19_frame\EWARM\19_frame\Obj\maxon.o
#        D:\RoboconCode\19_frame\EWARM\19_frame\Obj\point_zx.o
#        D:\RoboconCode\19_frame\EWARM\19_frame\Obj\simplelib.o
#        D:\RoboconCode\19_frame\EWARM\19_frame\Obj\startup_stm32f407xx.o
#        D:\RoboconCode\19_frame\EWARM\19_frame\Obj\stm32f4xx_hal.o
#        D:\RoboconCode\19_frame\EWARM\19_frame\Obj\stm32f4xx_hal_can.o
#        D:\RoboconCode\19_frame\EWARM\19_frame\Obj\stm32f4xx_hal_cortex.o
#        D:\RoboconCode\19_frame\EWARM\19_frame\Obj\stm32f4xx_hal_dma.o
#        D:\RoboconCode\19_frame\EWARM\19_frame\Obj\stm32f4xx_hal_dma_ex.o
#        D:\RoboconCode\19_frame\EWARM\19_frame\Obj\stm32f4xx_hal_exti.o
#        D:\RoboconCode\19_frame\EWARM\19_frame\Obj\stm32f4xx_hal_flash.o
#        D:\RoboconCode\19_frame\EWARM\19_frame\Obj\stm32f4xx_hal_flash_ex.o
#        D:\RoboconCode\19_frame\EWARM\19_frame\Obj\stm32f4xx_hal_flash_ramfunc.o
#        D:\RoboconCode\19_frame\EWARM\19_frame\Obj\stm32f4xx_hal_gpio.o
#        D:\RoboconCode\19_frame\EWARM\19_frame\Obj\stm32f4xx_hal_msp.o
#        D:\RoboconCode\19_frame\EWARM\19_frame\Obj\stm32f4xx_hal_pwr.o
#        D:\RoboconCode\19_frame\EWARM\19_frame\Obj\stm32f4xx_hal_pwr_ex.o
#        D:\RoboconCode\19_frame\EWARM\19_frame\Obj\stm32f4xx_hal_rcc.o
#        D:\RoboconCode\19_frame\EWARM\19_frame\Obj\stm32f4xx_hal_rcc_ex.o
#        D:\RoboconCode\19_frame\EWARM\19_frame\Obj\stm32f4xx_hal_tim.o
#        D:\RoboconCode\19_frame\EWARM\19_frame\Obj\stm32f4xx_hal_tim_ex.o
#        D:\RoboconCode\19_frame\EWARM\19_frame\Obj\stm32f4xx_hal_uart.o
#        D:\RoboconCode\19_frame\EWARM\19_frame\Obj\stm32f4xx_it.o
#        D:\RoboconCode\19_frame\EWARM\19_frame\Obj\stmflash.o
#        D:\RoboconCode\19_frame\EWARM\19_frame\Obj\system_stm32f4xx.o
#        D:\RoboconCode\19_frame\EWARM\19_frame\Obj\tim.o
#        D:\RoboconCode\19_frame\EWARM\19_frame\Obj\usart.o
#        D:\RoboconCode\19_frame\EWARM\19_frame\Obj\utils.o
#        D:\RoboconCode\19_frame\EWARM\19_frame\Obj\vec.o
#        D:\RoboconCode\19_frame\EWARM\19_frame\Obj\vega_action.o -o
#        D:\RoboconCode\19_frame\EWARM\19_frame\Exe\19_frame.out --map
#        D:\RoboconCode\19_frame\EWARM\19_frame\List\19_frame.map --config
#        "D:\Èí¼þ\IAR For RAM\arm\config\linker\ST\stm32f407xG.icf"
#        --semihosting --entry __iar_program_start --vfe --text_out locale)
#
###############################################################################

*******************************************************************************
*** RUNTIME MODEL ATTRIBUTES
***

CppFlavor       = *
__Heap_Handler  = DLMalloc
__SystemLibrary = DLib
__dlib_version  = 6


*******************************************************************************
*** HEAP SELECTION
***

The advanced heap was selected because the application calls memory
allocation functions outside of system library functions, and there
are calls to deallocation functions in the application.


*******************************************************************************
*** PLACEMENT SUMMARY
***

"A0":  place at 0x08000000 { ro section .intvec };
"P1":  place in [from 0x08000000 to 0x080fffff] { ro };
define block CSTACK with size = 8K, alignment = 8 { };
"P3":  place in [from 0x10000000 to 0x1000ffff] {
          block CSTACK, section .ccram };
define block HEAP with size = 8K, alignment = 8 { };
"P4":  place in [from 0x20000000 to 0x2001bfff] |
                [from 0x2001c000 to 0x2001ffff] { rw, block HEAP };
initialize by copy { rw };

No sections matched the following patterns:

  ro section application_specific_ro  in "P2"
  section .backup_sram                in "P5"
  section .ccram                      in "P3"


  Section            Kind        Address    Size  Object
  -------            ----        -------    ----  ------
"A0":                                      0x188
  .intvec            ro code  0x08000000   0x188  startup_stm32f407xx.o [1]
                            - 0x08000188   0x188

"P1":                                     0x84d9
  .text              ro code  0x08000188   0xf78  dlmalloc.o [3]
  .text              ro code  0x08001100     0x6  abort.o [3]
  .text              ro code  0x08001106    0x1a  xsnprout.o [3]
  .text              ro code  0x08001120    0x2c  xgetmemchunk.o [3]
  .text              ro code  0x0800114c    0x14  exit.o [6]
  .text              ro code  0x08001160   0xe22  xprintffull_nomb.o [3]
  .text              ro code  0x08001f84    0x16  strchr.o [5]
  .text              ro code  0x08001f9c    0x40  xfail_s.o [3]
  .text              ro code  0x08001fdc    0x36  strlen.o [5]
  .text              ro code  0x08002014    0x58  memchr.o [5]
  .text              ro code  0x0800206c   0x22e  I64DivMod.o [5]
  .text              ro code  0x0800229c   0x1a2  DblMul.o [4]
  .text              ro code  0x08002440    0xa6  ABImemcpy.o [5]
  .text              ro code  0x080024e8    0x70  frexp.o [4]
  .text              ro code  0x08002558    0x2e  DblCmpLe.o [4]
  .text              ro code  0x08002588    0x2e  DblCmpGe.o [4]
  .text              ro code  0x080025b8   0x13a  ldexp.o [4]
  .text              ro code  0x080026f4    0x3a  DblToS32.o [4]
  .text              ro code  0x08002730    0x22  S32ToDbl.o [4]
  .text              ro code  0x08002754    0xe2  DblSub.o [4]
  .text              ro code  0x08002838   0x246  DblDiv.o [4]
  .text              ro code  0x08002a80    0x28  DblToU32.o [4]
  .text              ro code  0x08002aa8    0x1a  U32ToDbl.o [4]
  .text              ro code  0x08002ac4     0x2  I64DivZer.o [5]
  .text              ro code  0x08002ac8   0x178  DblAdd.o [4]
  .text              ro code  0x08002c40   0xb00  chassis.o [1]
  .text              ro code  0x08003740    0x68  DblToFlt.o [4]
  .text              ro code  0x080037a8    0x20  vec.o [1]
  .text              ro code  0x080037c8    0x80  maxon.o [1]
  .text              ro code  0x08003848    0x1a  math_wrappers64.o [4]
  .text              ro code  0x08003864    0x48  FltToDbl.o [4]
  .text              ro code  0x080038ac   0x1e0  cos_sin32.o [4]
  .text              ro code  0x08003a8c    0x1e  sqrtf.o [4]
  .text              ro code  0x08003aac    0x6a  atan2f.o [4]
  .text              ro code  0x08003b18    0x7c  utils.o [1]
  .text              ro code  0x08003b94   0x30c  cmd.o [1]
  .text              ro code  0x08003ea0   0x102  sqrt.o [4]
  .text              ro code  0x08003fa4   0x10c  can_utils.o [1]
  .text              ro code  0x080040b0   0x5a0  strto64.o [4]
  .text              ro code  0x08004650   0x448  cos_sin64.o [4]
  .text              ro code  0x08004a98    0xa4  xatanf.o [4]
  .text              ro code  0x08004b3c   0x208  hash.o [1]
  .text              ro code  0x08004d44     0x6  ABImemclr4.o [5]
  .text              ro code  0x08004d4c   0x646  stm32f4xx_hal_uart.o [1]
  .text              ro code  0x08005394    0x4c  strcpy.o [5]
  .text              ro code  0x080053e0    0x48  strtok.o [3]
  .text              ro code  0x08005428    0x3c  vsnprint.o [3]
  .text              ro code  0x08005464    0x4a  strcmp.o [5]
  .text              ro code  0x080054b0   0x652  stm32f4xx_hal_can.o [1]
  .text              ro code  0x08005b04   0x1a2  main.o [1]
  .text              ro code  0x08005ca8     0x4  can_func.o [1]
  .text              ro code  0x08005cac   0x120  iar_Stopfx.o [3]
  .text              ro code  0x08005dcc   0x1c8  iar_Stoflt.o [3]
  .text              ro code  0x08005f94   0x214  iar_Stoxflt.o [3]
  .text              ro code  0x080061a8    0x24  ABIassert.o [6]
  .text              ro code  0x080061cc    0x32  ABImemset48.o [5]
  .text              ro code  0x08006200   0x3b2  usart.o [1]
  .text              ro code  0x080065b4   0x400  stm32f4xx_hal_dma.o [1]
  .text              ro code  0x080069b4     0x2  stm32f4xx_hal_uart.o [1]
  .text              ro code  0x080069b6     0x2  stm32f4xx_hal_uart.o [1]
  .text              ro code  0x080069b8     0x2  stm32f4xx_hal_uart.o [1]
  .text              ro code  0x080069ba     0x2  stm32f4xx_hal_uart.o [1]
  .text              ro code  0x080069bc   0x1a4  stm32f4xx_hal_rcc.o [1]
  .text              ro code  0x08006b60    0x22  strspn.o [3]
  .text              ro code  0x08006b82    0x22  strcspn.o [3]
  .text              ro code  0x08006ba4    0xb8  can.o [1]
  .text              ro code  0x08006c5c     0xc  stm32f4xx_hal.o [1]
  .text              ro code  0x08006c68     0x2  stm32f4xx_hal_can.o [1]
  .text              ro code  0x08006c6a     0x2  stm32f4xx_hal_can.o [1]
  .text              ro code  0x08006c6c     0x2  stm32f4xx_hal_can.o [1]
  .text              ro code  0x08006c6e     0x2  stm32f4xx_hal_can.o [1]
  .text              ro code  0x08006c70     0x2  stm32f4xx_hal_can.o [1]
  .text              ro code  0x08006c72     0x2  stm32f4xx_hal_can.o [1]
  .text              ro code  0x08006c74     0x2  stm32f4xx_hal_can.o [1]
  .text              ro code  0x08006c76     0x2  stm32f4xx_hal_can.o [1]
  .text              ro code  0x08006c78     0x2  stm32f4xx_hal_can.o [1]
  .text              ro code  0x08006c7a     0x2  stm32f4xx_hal_can.o [1]
  .text              ro code  0x08006c7c     0x2  stm32f4xx_hal_can.o [1]
  .text              ro code  0x08006c80    0x34  stm32f4xx_hal.o [1]
  .text              ro code  0x08006cb4   0x23c  gpio.o [1]
  .text              ro code  0x08006ef0    0x78  dma.o [1]
  .text              ro code  0x08006f68   0x1ec  tim.o [1]
  .text              ro code  0x08007154    0xe4  stm32f4xx_hal_cortex.o [1]
  .text              ro code  0x08007238    0x64  simplelib.o [1]
  .text              ro code  0x0800729c   0x2f0  stm32f4xx_hal_rcc.o [1]
  .text              ro code  0x0800758c   0x1f8  stm32f4xx_hal_gpio.o [1]
  .text              ro code  0x08007784    0x40  stm32f4xx_hal.o [1]
  .text              ro code  0x080077c4    0x38  stm32f4xx_hal_msp.o [1]
  .text              ro code  0x080077fc   0x488  stm32f4xx_hal_tim.o [1]
  .text              ro code  0x08007c84    0x92  stm32f4xx_hal_tim_ex.o [1]
  .text              ro code  0x08007d18   0x310  cmd_func.o [1]
  .text              ro code  0x08008028   0x174  iar_Stoulx.o [3]
  .text              ro code  0x0800819c   0x114  stm32f4xx_it.o [1]
  .text              ro code  0x080082b0    0x10  stm32f4xx_hal.o [1]
  .text              ro code  0x080082c0    0x9c  packbits_init.o [5]
  .text              ro code  0x0800835c    0x60  system_stm32f4xx.o [1]
  .text              ro code  0x080083bc    0x40  zero_init3.o [5]
  .text              ro code  0x080083fc    0x28  data_init.o [5]
  .text              ro code  0x08008424    0x22  fpinit_M.o [4]
  .iar.init_table    const    0x08008448    0x2c  - Linker created -
  .text              ro code  0x08008474    0x1e  cmain.o [5]
  .text              ro code  0x08008492     0x4  low_level_init.o [3]
  .text              ro code  0x08008496     0x4  exit.o [3]
  .text              ro code  0x0800849c     0xa  cexit.o [5]
  .text              ro code  0x080084a8    0x10  startup_stm32f407xx.o [1]
  .text              ro code  0x080084b8     0xc  cstartup_M.o [5]
  .rodata            const    0x080084c4     0x8  system_stm32f4xx.o [1]
  .text              ro code  0x080084cc     0x4  startup_stm32f407xx.o [1]
  .text              ro code  0x080084d0     0x4  startup_stm32f407xx.o [1]
  .text              ro code  0x080084d4     0x4  startup_stm32f407xx.o [1]
  .text              ro code  0x080084d8     0x4  startup_stm32f407xx.o [1]
  .text              ro code  0x080084dc     0x4  startup_stm32f407xx.o [1]
  .text              ro code  0x080084e0     0x4  startup_stm32f407xx.o [1]
  .text              ro code  0x080084e4     0x4  startup_stm32f407xx.o [1]
  .text              ro code  0x080084e8     0x4  startup_stm32f407xx.o [1]
  .text              ro code  0x080084ec     0x4  startup_stm32f407xx.o [1]
  .text              ro code  0x080084f0     0x4  startup_stm32f407xx.o [1]
  .text              ro code  0x080084f4     0x4  startup_stm32f407xx.o [1]
  .text              ro code  0x080084f8     0x4  startup_stm32f407xx.o [1]
  .text              ro code  0x080084fc     0x4  startup_stm32f407xx.o [1]
  .text              ro code  0x08008500     0x4  startup_stm32f407xx.o [1]
  .text              ro code  0x08008504     0x4  startup_stm32f407xx.o [1]
  .text              ro code  0x08008508     0x4  startup_stm32f407xx.o [1]
  .text              ro code  0x0800850c     0x4  startup_stm32f407xx.o [1]
  .text              ro code  0x08008510     0x4  startup_stm32f407xx.o [1]
  .text              ro code  0x08008514     0x4  startup_stm32f407xx.o [1]
  .text              ro code  0x08008518     0x4  startup_stm32f407xx.o [1]
  .text              ro code  0x0800851c     0x4  startup_stm32f407xx.o [1]
  .text              ro code  0x08008520     0x4  startup_stm32f407xx.o [1]
  .text              ro code  0x08008524     0x4  startup_stm32f407xx.o [1]
  .text              ro code  0x08008528     0x4  startup_stm32f407xx.o [1]
  .text              ro code  0x0800852c     0x4  startup_stm32f407xx.o [1]
  .text              ro code  0x08008530     0x4  startup_stm32f407xx.o [1]
  .text              ro code  0x08008534     0x4  startup_stm32f407xx.o [1]
  .text              ro code  0x08008538     0x4  startup_stm32f407xx.o [1]
  .text              ro code  0x0800853c     0x4  startup_stm32f407xx.o [1]
  .text              ro code  0x08008540     0x4  startup_stm32f407xx.o [1]
  .text              ro code  0x08008544     0x4  startup_stm32f407xx.o [1]
  .text              ro code  0x08008548     0x4  startup_stm32f407xx.o [1]
  .text              ro code  0x0800854c     0x4  startup_stm32f407xx.o [1]
  .text              ro code  0x08008550     0x4  startup_stm32f407xx.o [1]
  .text              ro code  0x08008554     0x4  startup_stm32f407xx.o [1]
  .text              ro code  0x08008558     0x4  startup_stm32f407xx.o [1]
  .text              ro code  0x0800855c     0x4  startup_stm32f407xx.o [1]
  .text              ro code  0x08008560     0x4  startup_stm32f407xx.o [1]
  .text              ro code  0x08008564     0x4  startup_stm32f407xx.o [1]
  .text              ro code  0x08008568     0x4  startup_stm32f407xx.o [1]
  .text              ro code  0x0800856c     0x4  startup_stm32f407xx.o [1]
  .text              ro code  0x08008570     0x4  startup_stm32f407xx.o [1]
  .text              ro code  0x08008574     0x4  startup_stm32f407xx.o [1]
  .text              ro code  0x08008578     0x4  startup_stm32f407xx.o [1]
  .text              ro code  0x0800857c     0x4  startup_stm32f407xx.o [1]
  .text              ro code  0x08008580     0x4  startup_stm32f407xx.o [1]
  .text              ro code  0x08008584     0x4  startup_stm32f407xx.o [1]
  .text              ro code  0x08008588     0x4  startup_stm32f407xx.o [1]
  .text              ro code  0x0800858c     0x4  startup_stm32f407xx.o [1]
  .text              ro code  0x08008590     0x4  startup_stm32f407xx.o [1]
  .text              ro code  0x08008594     0x4  startup_stm32f407xx.o [1]
  .text              ro code  0x08008598     0x4  startup_stm32f407xx.o [1]
  .text              ro code  0x0800859c     0x4  startup_stm32f407xx.o [1]
  .text              ro code  0x080085a0     0x4  startup_stm32f407xx.o [1]
  .text              ro code  0x080085a4     0x4  startup_stm32f407xx.o [1]
  .text              ro code  0x080085a8     0x4  startup_stm32f407xx.o [1]
  .text              ro code  0x080085ac     0x4  startup_stm32f407xx.o [1]
  .text              ro code  0x080085b0     0x4  startup_stm32f407xx.o [1]
  .text              ro code  0x080085b4     0x4  startup_stm32f407xx.o [1]
  .text              ro code  0x080085b8     0x4  startup_stm32f407xx.o [1]
  .text              ro code  0x080085bc     0x4  startup_stm32f407xx.o [1]
  .text              ro code  0x080085c0     0x4  startup_stm32f407xx.o [1]
  .text              ro code  0x080085c4     0x4  startup_stm32f407xx.o [1]
  .text              ro code  0x080085c8     0x4  startup_stm32f407xx.o [1]
  .text              ro code  0x080085cc     0x4  startup_stm32f407xx.o [1]
  .text              ro code  0x080085d0     0x4  startup_stm32f407xx.o [1]
  .text              ro code  0x080085d4     0x4  startup_stm32f407xx.o [1]
  .text              ro code  0x080085d8     0x4  startup_stm32f407xx.o [1]
  .text              ro code  0x080085dc     0x4  startup_stm32f407xx.o [1]
  .text              ro code  0x080085e0     0x4  startup_stm32f407xx.o [1]
  .text              ro code  0x080085e4     0x4  startup_stm32f407xx.o [1]
  .text              ro code  0x080085e8     0x4  startup_stm32f407xx.o [1]
  .text              ro code  0x080085ec     0x4  startup_stm32f407xx.o [1]
  .rodata            const    0x080085f0     0x0  zero_init3.o [5]
  .rodata            const    0x080085f0     0x0  packbits_init.o [5]
  Initializer bytes  const    0x080085f0    0x71  <for P4 s0>
                            - 0x08008661  0x84d9

"P3":                                     0x2000
  CSTACK                      0x10000000  0x2000  <Block>
    CSTACK           uninit   0x10000000  0x2000  <Block tail>
                            - 0x10002000  0x2000

"P4", part 1 of 3:                         0x714
  P4 s0                       0x20000000   0x714  <Init block>
    .data            inited   0x20000000   0x320  point_zx.o [1]
    .data            inited   0x20000320   0x320  point_zx.o [1]
    .data            inited   0x20000640    0xa4  chassis.o [1]
    .data            inited   0x200006e4     0xc  chassis.o [1]
    .data            inited   0x200006f0     0xc  chassis.o [1]
    .data            inited   0x200006fc     0xc  stm32f4xx_hal.o [1]
    .data            inited   0x20000708     0x8  chassis.o [1]
    .data            inited   0x20000710     0x4  system_stm32f4xx.o [1]
                            - 0x20000714   0x714

"P4", part 2 of 3:                         0x8b4
  .bss               zero     0x20000714   0x1d8  dlmalloc.o [3]
  .bss               zero     0x200008ec   0x180  usart.o [1]
  .bss               zero     0x20000a6c   0x114  cmd.o [1]
  .bss               zero     0x20000b80    0x98  cmd.o [1]
  .bss               zero     0x20000c18    0x64  cmd.o [1]
  .bss               zero     0x20000c7c    0x64  cmd.o [1]
  .bss               zero     0x20000ce0     0xc  configure.o [1]
  .bss               zero     0x20000cf0    0x5c  can_utils.o [1]
  .bss               zero     0x20000d4c    0x40  tim.o [1]
  .bss               zero     0x20000d8c    0x40  tim.o [1]
  .bss               zero     0x20000dcc    0x40  usart.o [1]
  .bss               zero     0x20000e0c    0x40  usart.o [1]
  .bss               zero     0x20000e4c    0x40  usart.o [1]
  .bss               zero     0x20000e8c    0x40  usart.o [1]
  .bss               zero     0x20000ecc    0x40  usart.o [1]
  .bss               zero     0x20000f0c    0x28  can.o [1]
  .bss               zero     0x20000f34    0x28  can_utils.o [1]
  .bss               zero     0x20000f5c    0x18  cmd.o [1]
  .bss               zero     0x20000f74    0x18  dlmalloc.o [3]
  .bss               zero     0x20000f8c     0x8  chassis.o [1]
  .bss               zero     0x20000f94     0x8  chassis.o [1]
  .bss               zero     0x20000f9c     0x8  cmd_func.o [1]
  .bss               zero     0x20000fa4     0x8  main.o [1]
  .bss               zero     0x20000fac     0x4  cmd.o [1]
  .bss               zero     0x20000fb0     0x8  maxon.o [1]
  .bss               zero     0x20000fb8     0x4  stm32f4xx_it.o [1]
  .bss               zero     0x20000fbc     0x4  strtok.o [3]
  .bss               zero     0x20000fc0     0x4  xgetmemchunk.o [3]
  .bss               zero     0x20000fc4     0x4  xfail_s.o [3]
                            - 0x20000fc8   0x8b4

"P4", part 3 of 3:                        0x2000
  HEAP                        0x20000fc8  0x2000  <Block>
    HEAP             uninit   0x20000fc8  0x2000  <Block tail>
                            - 0x20002fc8  0x2000


*******************************************************************************
*** INIT TABLE
***

          Address     Size
          -------     ----
Zero (__iar_zero_init3)
    1 destination range, total size 0x8b4:
          0x20000714  0x8b4

Copy/packbits (__iar_packbits_init3)
    1 source range, total size 0x71 (6% of destination):
          0x080085f0   0x71
    1 destination range, total size 0x714:
          0x20000000  0x714



*******************************************************************************
*** MODULE SUMMARY
***

    Module                  ro code  ro data  rw data
    ------                  -------  -------  -------
D:\RoboconCode\19_frame\EWARM\19_frame\Obj: [1]
    can.o                       184                40
    can_func.o                    4
    can_utils.o                 268               132
    chassis.o                 2 816       12      212
    cmd.o                       780               656
    cmd_func.o                  784                 8
    configure.o                                    12
    dma.o                       120
    gpio.o                      572
    hash.o                      520
    main.o                      418                 8
    maxon.o                     128                 8
    point_zx.o                            99    1 600
    simplelib.o                 100
    startup_stm32f407xx.o       700
    stm32f4xx_hal.o             144        1       12
    stm32f4xx_hal_can.o       1 640
    stm32f4xx_hal_cortex.o      228
    stm32f4xx_hal_dma.o       1 024
    stm32f4xx_hal_gpio.o        504
    stm32f4xx_hal_msp.o          56
    stm32f4xx_hal_rcc.o       1 172
    stm32f4xx_hal_tim.o       1 160
    stm32f4xx_hal_tim_ex.o      146
    stm32f4xx_hal_uart.o      1 614
    stm32f4xx_it.o              276                 4
    system_stm32f4xx.o           96        9        4
    tim.o                       492               128
    usart.o                     946               704
    utils.o                     124
    vec.o                        32
    -------------------------------------------------
    Total:                   17 048      121    3 528

command line: [2]
    -------------------------------------------------
    Total:

dl7M_tln.a: [3]
    abort.o                       6
    dlmalloc.o                3 960               496
    exit.o                        4
    iar_Stoflt.o                456
    iar_Stopfx.o                288
    iar_Stoulx.o                372
    iar_Stoxflt.o               532
    low_level_init.o              4
    strcspn.o                    34
    strspn.o                     34
    strtok.o                     72                 4
    vsnprint.o                   60
    xfail_s.o                    64                 4
    xgetmemchunk.o               44                 4
    xprintffull_nomb.o        3 618
    xsnprout.o                   26
    -------------------------------------------------
    Total:                    9 574               508

m7M_tls.a: [4]
    DblAdd.o                    376
    DblCmpGe.o                   46
    DblCmpLe.o                   46
    DblDiv.o                    582
    DblMul.o                    418
    DblSub.o                    226
    DblToFlt.o                  104
    DblToS32.o                   58
    DblToU32.o                   40
    FltToDbl.o                   72
    S32ToDbl.o                   34
    U32ToDbl.o                   26
    atan2f.o                    106
    cos_sin32.o                 480
    cos_sin64.o               1 096
    fpinit_M.o                   34
    frexp.o                     112
    ldexp.o                     314
    math_wrappers64.o            26
    sqrt.o                      258
    sqrtf.o                      30
    strto64.o                 1 440
    xatanf.o                    164
    -------------------------------------------------
    Total:                    6 088

rt7M_tl.a: [5]
    ABImemclr4.o                  6
    ABImemcpy.o                 166
    ABImemset48.o                50
    I64DivMod.o                 558
    I64DivZer.o                   2
    cexit.o                      10
    cmain.o                      30
    cstartup_M.o                 12
    data_init.o                  40
    memchr.o                     88
    packbits_init.o             156
    strchr.o                     22
    strcmp.o                     74
    strcpy.o                     76
    strlen.o                     54
    zero_init3.o                 64
    -------------------------------------------------
    Total:                    1 408

shb_l.a: [6]
    ABIassert.o                  36
    exit.o                       20
    -------------------------------------------------
    Total:                       56

    Gaps                         60        2        4
    Linker created                        44   16 384
-----------------------------------------------------
    Grand Total:             34 234      167   20 424


*******************************************************************************
*** ENTRY LIST
***

Entry                      Address   Size  Type      Object
-----                      -------   ----  ----      ------
.iar.init_table$$Base   0x08008448          --   Gb  - Linker created -
.iar.init_table$$Limit  0x08008474          --   Gb  - Linker created -
?main                   0x08008475         Code  Gb  cmain.o [5]
AHBPrescTable           0x080083ac   0x10  Data  Gb  system_stm32f4xx.o [1]
APBPrescTable           0x080084c4    0x8  Data  Gb  system_stm32f4xx.o [1]
BoostAndSlowUpdate      0x08003145   0xc8  Code  Gb  chassis.o [1]
Boost_Period            0x20000708    0x4  Data  Lc  chassis.o [1]
BusFault_Handler        0x080081a3    0x2  Code  Gb  stm32f4xx_it.o [1]
CAN1_RX0_IRQHandler     0x0800823b    0x6  Code  Gb  stm32f4xx_it.o [1]
CMD_USART               0x20000a6c   0x40  Data  Gb  cmd.o [1]
CSTACK$$Base            0x10000000          --   Gb  - Linker created -
CSTACK$$Limit           0x10002000          --   Gb  - Linker created -
DMA1_Stream1_IRQHandler
                        0x0800822f    0x6  Code  Gb  stm32f4xx_it.o [1]
DMA1_Stream3_IRQHandler
                        0x08008235    0x6  Code  Gb  stm32f4xx_it.o [1]
DMA2_Stream2_IRQHandler
                        0x08008261    0x6  Code  Gb  stm32f4xx_it.o [1]
DMA2_Stream7_IRQHandler
                        0x08008267    0x6  Code  Gb  stm32f4xx_it.o [1]
DMAUSART_RX_BUF         0x20000b80   0x64  Data  Gb  cmd.o [1]
DMAUSART_RX_BUF_vega    0x20000c18   0x64  Data  Gb  cmd.o [1]
DMA_CalcBaseAndBitshift
                        0x08006985   0x28  Code  Lc  stm32f4xx_hal_dma.o [1]
DMA_CalcBaseAndBitshift::flagBitshiftOffset
                        0x080069ac    0x8  Data  Lc  stm32f4xx_hal_dma.o [1]
DMA_RxOK_Flag           0x20000aac    0x4  Data  Gb  cmd.o [1]
DMA_RxOK_Flag_vega      0x20000ab0    0x4  Data  Gb  cmd.o [1]
DMA_SetConfig           0x08006965   0x20  Code  Lc  stm32f4xx_hal_dma.o [1]
DMAaRxBuffer            0x20000ab4   0x64  Data  Gb  cmd.o [1]
DMAaRxBuffer_vega       0x20000c7c   0x64  Data  Gb  cmd.o [1]
DebugMon_Handler        0x080081a9    0x2  Code  Gb  stm32f4xx_it.o [1]
Dtentox                 0x08004265  0x19a  Code  Lc  strto64.o [4]
ERR_angle_m0            0x200006f8    0x4  Data  Gb  chassis.o [1]
ERR_angle_m1            0x200006f4    0x4  Data  Gb  chassis.o [1]
ERR_angle_m3            0x200006f0    0x4  Data  Gb  chassis.o [1]
Error_Handler           0x08005ca5    0x2  Code  Gb  main.o [1]
HAL_CAN_ActivateNotification
                        0x080058ef   0x16  Code  Gb  stm32f4xx_hal_can.o [1]
HAL_CAN_AddTxMessage    0x08005715   0xb6  Code  Gb  stm32f4xx_hal_can.o [1]
HAL_CAN_ConfigFilter    0x080055bf   0xcc  Code  Gb  stm32f4xx_hal_can.o [1]
HAL_CAN_GetRxMessage    0x080057f1   0xea  Code  Gb  stm32f4xx_hal_can.o [1]
HAL_CAN_IRQHandler      0x0800590b  0x1f8  Code  Gb  stm32f4xx_hal_can.o [1]
HAL_CAN_Init            0x080054b1  0x10e  Code  Gb  stm32f4xx_hal_can.o [1]
HAL_CAN_MspInit         0x08006be5   0x66  Code  Gb  can.o [1]
HAL_CAN_RxFifo0FullCallback
                        0x08004099    0x2  Code  Gb  can_utils.o [1]
HAL_CAN_RxFifo0MsgPendingCallback
                        0x08004051   0x24  Code  Gb  can_utils.o [1]
HAL_CAN_Start           0x08005699   0x4c  Code  Gb  stm32f4xx_hal_can.o [1]
HAL_DMA_Abort           0x08006705   0x8a  Code  Gb  stm32f4xx_hal_dma.o [1]
HAL_DMA_Abort_IT        0x0800678f   0x24  Code  Gb  stm32f4xx_hal_dma.o [1]
HAL_DMA_IRQHandler      0x080067b3  0x188  Code  Gb  stm32f4xx_hal_dma.o [1]
HAL_DMA_Init            0x080065b5   0xe6  Code  Gb  stm32f4xx_hal_dma.o [1]
HAL_DMA_Start_IT        0x0800669b   0x6a  Code  Gb  stm32f4xx_hal_dma.o [1]
HAL_GPIO_Init           0x0800758d  0x1b2  Code  Gb  stm32f4xx_hal_gpio.o [1]
HAL_GPIO_TogglePin      0x08007747    0xc  Code  Gb  stm32f4xx_hal_gpio.o [1]
HAL_GPIO_WritePin       0x0800773f    0x8  Code  Gb  stm32f4xx_hal_gpio.o [1]
HAL_GetTick             0x08006c5d    0xc  Code  Wk  stm32f4xx_hal.o [1]
HAL_IncTick             0x080082b1   0x10  Code  Wk  stm32f4xx_hal.o [1]
HAL_Init                0x08006c81   0x30  Code  Gb  stm32f4xx_hal.o [1]
HAL_InitTick            0x08007785   0x40  Code  Wk  stm32f4xx_hal.o [1]
HAL_MspInit             0x080077c5   0x38  Code  Gb  stm32f4xx_hal_msp.o [1]
HAL_NVIC_EnableIRQ      0x080071c7   0x16  Code  Gb  stm32f4xx_hal_cortex.o [1]
HAL_NVIC_SetPriority    0x0800718d   0x3a  Code  Gb  stm32f4xx_hal_cortex.o [1]
HAL_NVIC_SetPriorityGrouping
                        0x08007173   0x1a  Code  Gb  stm32f4xx_hal_cortex.o [1]
HAL_RCC_ClockConfig     0x080069bd   0xfe  Code  Gb  stm32f4xx_hal_rcc.o [1]
HAL_RCC_GetHCLKFreq     0x08006ac7    0x6  Code  Gb  stm32f4xx_hal_rcc.o [1]
HAL_RCC_GetPCLK1Freq    0x08006acd   0x10  Code  Gb  stm32f4xx_hal_rcc.o [1]
HAL_RCC_GetPCLK2Freq    0x08006add    0xe  Code  Gb  stm32f4xx_hal_rcc.o [1]
HAL_RCC_OscConfig       0x0800729d  0x2f0  Code  Wk  stm32f4xx_hal_rcc.o [1]
HAL_SYSTICK_CLKSourceConfig
                        0x08007205   0x1a  Code  Gb  stm32f4xx_hal_cortex.o [1]
HAL_SYSTICK_Config      0x080071dd   0x28  Code  Gb  stm32f4xx_hal_cortex.o [1]
HAL_TIMEx_ConfigBreakDeadTime
                        0x08007cc3   0x54  Code  Gb  stm32f4xx_hal_tim_ex.o [1]
HAL_TIMEx_MasterConfigSynchronization
                        0x08007c85   0x3e  Code  Gb  stm32f4xx_hal_tim_ex.o [1]
HAL_TIM_Base_Init       0x080077fd   0x1a  Code  Gb  stm32f4xx_hal_tim.o [1]
HAL_TIM_Base_MspInit    0x080070b1   0x26  Code  Gb  tim.o [1]
HAL_TIM_ConfigClockSource
                        0x0800793d   0x90  Code  Gb  stm32f4xx_hal_tim.o [1]
HAL_TIM_MspPostInit     0x080070d7   0x4e  Code  Gb  tim.o [1]
HAL_TIM_PWM_ConfigChannel
                        0x08007855   0xc0  Code  Gb  stm32f4xx_hal_tim.o [1]
HAL_TIM_PWM_Init        0x0800782b   0x1a  Code  Gb  stm32f4xx_hal_tim.o [1]
HAL_TIM_PWM_MspInit     0x0800708b   0x26  Code  Gb  tim.o [1]
HAL_UART_DMAStop        0x08004ecf   0x48  Code  Gb  stm32f4xx_hal_uart.o [1]
HAL_UART_ErrorCallback  0x08006571   0x42  Code  Gb  usart.o [1]
HAL_UART_IDLECallback   0x08003bfd   0x9a  Code  Gb  cmd.o [1]
HAL_UART_IRQHandler     0x08004f2f  0x152  Code  Gb  stm32f4xx_hal_uart.o [1]
HAL_UART_Init           0x08004d4d   0x1e  Code  Gb  stm32f4xx_hal_uart.o [1]
HAL_UART_MspInit        0x0800628b  0x278  Code  Gb  usart.o [1]
HAL_UART_Receive_DMA    0x08004e3d   0x92  Code  Gb  stm32f4xx_hal_uart.o [1]
HAL_UART_Transmit_DMA   0x08004dc5   0x78  Code  Gb  stm32f4xx_hal_uart.o [1]
HCAN                    0x20000f34   0x28  Data  Gb  can_utils.o [1]
HEAP$$Base              0x20000fc8          --   Gb  - Linker created -
HEAP$$Limit             0x20002fc8          --   Gb  - Linker created -
HardFault_Handler       0x0800819f    0x2  Code  Gb  stm32f4xx_it.o [1]
HashTable_create        0x08004b6d   0x42  Code  Gb  hash.o [1]
HashTable_get           0x08004c49   0x5c  Code  Gb  hash.o [1]
HashTable_insert        0x08004bbd   0x84  Code  Gb  hash.o [1]
HashTable_map           0x08004ca5   0x60  Code  Gb  hash.o [1]
LoadInt                 0x08001313   0x7a  Code  Lc  xprintffull_nomb.o [3]
MX_CAN1_Init            0x08006ba5   0x40  Code  Gb  can.o [1]
MX_DMA_Init             0x08006ef1   0x78  Code  Gb  dma.o [1]
MX_GPIO_Init            0x08006cb5  0x1d8  Code  Gb  gpio.o [1]
MX_TIM1_Init            0x08006f69   0xb2  Code  Gb  tim.o [1]
MX_TIM3_Init            0x0800701d   0x60  Code  Gb  tim.o [1]
MX_UART4_Init           0x08006201   0x14  Code  Gb  usart.o [1]
MX_UART5_Init           0x08006215   0x14  Code  Gb  usart.o [1]
MX_USART1_UART_Init     0x08006231   0x14  Code  Gb  usart.o [1]
MX_USART2_UART_Init     0x08006263   0x14  Code  Gb  usart.o [1]
MX_USART3_UART_Init     0x08006277   0x14  Code  Gb  usart.o [1]
MemManage_Handler       0x080081a1    0x2  Code  Gb  stm32f4xx_it.o [1]
NMI_Handler             0x0800819d    0x2  Code  Gb  stm32f4xx_it.o [1]
PID_Release             0x08003b19   0x74  Code  Gb  utils.o [1]
PendSV_Handler          0x080081ab    0x2  Code  Gb  stm32f4xx_it.o [1]
Region$$Table$$Base     0x08008448          --   Gb  - Linker created -
Region$$Table$$Limit    0x08008474          --   Gb  - Linker created -
RxHeader                0x20000d24   0x1c  Data  Gb  can_utils.o [1]
SVC_Handler             0x080081a7    0x2  Code  Gb  stm32f4xx_it.o [1]
Slow_Period             0x2000070c    0x4  Data  Lc  chassis.o [1]
SysTick_Handler         0x080081ad   0x82  Code  Gb  stm32f4xx_it.o [1]
SysTick_Handler::time_1ms_cnt
                        0x20000fb8    0x4  Data  Lc  stm32f4xx_it.o [1]
SystemClock_Config      0x08005bdd   0xa4  Code  Gb  main.o [1]
SystemCoreClock         0x20000710    0x4  Data  Gb  system_stm32f4xx.o [1]
SystemInit              0x0800835d   0x3a  Code  Gb  system_stm32f4xx.o [1]
TIM_Base_SetConfig      0x080079f7   0x96  Code  Gb  stm32f4xx_hal_tim.o [1]
TIM_ETR_SetConfig       0x08007c6b   0x14  Code  Gb  stm32f4xx_hal_tim.o [1]
TIM_ITRx_SetConfig      0x08007c5b   0x10  Code  Lc  stm32f4xx_hal_tim.o [1]
TIM_OC1_SetConfig       0x08007a8d   0x52  Code  Lc  stm32f4xx_hal_tim.o [1]
TIM_OC2_SetConfig       0x08007adf   0x60  Code  Gb  stm32f4xx_hal_tim.o [1]
TIM_OC3_SetConfig       0x08007b3f   0x58  Code  Lc  stm32f4xx_hal_tim.o [1]
TIM_OC4_SetConfig       0x08007ba3   0x46  Code  Lc  stm32f4xx_hal_tim.o [1]
TIM_TI1_ConfigInputStage
                        0x08007c19   0x1e  Code  Lc  stm32f4xx_hal_tim.o [1]
TIM_TI2_ConfigInputStage
                        0x08007c37   0x24  Code  Lc  stm32f4xx_hal_tim.o [1]
TxHeader                0x20000cf0   0x18  Data  Gb  can_utils.o [1]
TxMailbox               0x20000d48    0x4  Data  Gb  can_utils.o [1]
UART_DMAAbortOnError    0x0800516d    0xc  Code  Lc  stm32f4xx_hal_uart.o [1]
UART_DMAError           0x080050f5   0x4a  Code  Lc  stm32f4xx_hal_uart.o [1]
UART_DMAReceiveCplt     0x080050b5   0x38  Code  Lc  stm32f4xx_hal_uart.o [1]
UART_DMARxHalfCplt      0x080050ed    0x6  Code  Lc  stm32f4xx_hal_uart.o [1]
UART_DMATransmitCplt    0x08005081   0x2a  Code  Lc  stm32f4xx_hal_uart.o [1]
UART_DMATxHalfCplt      0x080050ad    0x6  Code  Lc  stm32f4xx_hal_uart.o [1]
UART_EndRxTransfer      0x08005151   0x1c  Code  Lc  stm32f4xx_hal_uart.o [1]
UART_EndTxTransfer      0x0800513f   0x12  Code  Lc  stm32f4xx_hal_uart.o [1]
UART_Receive_IT         0x08005179   0x96  Code  Lc  stm32f4xx_hal_uart.o [1]
UART_SetConfig          0x0800520f  0x13a  Code  Lc  stm32f4xx_hal_uart.o [1]
USART1_IRQHandler       0x08008241    0x6  Code  Gb  stm32f4xx_it.o [1]
USART2_IRQHandler       0x08008247    0x6  Code  Gb  stm32f4xx_it.o [1]
USART3_IRQHandler       0x0800824d   0x14  Code  Gb  stm32f4xx_it.o [1]
UsageFault_Handler      0x080081a5    0x2  Code  Gb  stm32f4xx_it.o [1]
_GenldFullNoMb          0x08001c81  0x274  Code  Lc  xprintffull_nomb.o [3]
_LdtobFullNoMb          0x08001855  0x3fe  Code  Lc  xprintffull_nomb.o [3]
_LitobFullNoMb          0x080016fd  0x112  Code  Lc  xprintffull_nomb.o [3]
_PrintfFullNoMb         0x08001161  0x1a4  Code  Gb  xprintffull_nomb.o [3]
_PutcharsFullNoMb       0x08001ef5   0x2e  Code  Lc  xprintffull_nomb.o [3]
_PutfldFullNoMb         0x0800138d  0x264  Code  Lc  xprintffull_nomb.o [3]
_PuttxtFullNoMb         0x080015f1  0x10c  Code  Lc  xprintffull_nomb.o [3]
_SNProut                0x08001107   0x1a  Code  Gb  xsnprout.o [3]
_Strtok_ssave           0x20000fbc    0x4  Data  Lc  strtok.o [3]
__NVIC_SetPriority      0x08007155   0x1e  Code  Lc  stm32f4xx_hal_cortex.o [1]
__aeabi_assert          0x080061a9   0x24  Code  Gb  ABIassert.o [6]
__aeabi_cdcmple         0x08002559         Code  Gb  DblCmpLe.o [4]
__aeabi_cdrcmple        0x08002589         Code  Gb  DblCmpGe.o [4]
__aeabi_d2f             0x08003741         Code  Gb  DblToFlt.o [4]
__aeabi_d2iz            0x080026f5         Code  Gb  DblToS32.o [4]
__aeabi_d2uiz           0x08002a81         Code  Gb  DblToU32.o [4]
__aeabi_dadd            0x08002ac9         Code  Gb  DblAdd.o [4]
__aeabi_ddiv            0x08002839         Code  Gb  DblDiv.o [4]
__aeabi_dmul            0x0800229d         Code  Gb  DblMul.o [4]
__aeabi_dsub            0x08002755         Code  Gb  DblSub.o [4]
__aeabi_f2d             0x08003865         Code  Gb  FltToDbl.o [4]
__aeabi_i2d             0x08002731         Code  Gb  S32ToDbl.o [4]
__aeabi_ldiv0           0x08002ac5         Code  Gb  I64DivZer.o [5]
__aeabi_memclr4         0x08004d45         Code  Gb  ABImemclr4.o [5]
__aeabi_memcpy          0x08002441         Code  Gb  ABImemcpy.o [5]
__aeabi_memcpy4         0x08002461         Code  Gb  ABImemcpy.o [5]
__aeabi_memcpy8         0x08002461         Code  Gb  ABImemcpy.o [5]
__aeabi_ui2d            0x08002aa9         Code  Gb  U32ToDbl.o [4]
__aeabi_uldivmod        0x0800206d         Code  Gb  I64DivMod.o [5]
__cmain                 0x08008475         Code  Gb  cmain.o [5]
__data_GetMemChunk      0x08001121   0x2c  Code  Gb  xgetmemchunk.o [3]
__data_GetMemChunk::start
                        0x20000fc0    0x4  Data  Lc  xgetmemchunk.o [3]
__exit                  0x0800114d   0x14  Code  Gb  exit.o [6]
__iar_Fail_s            0x08001f9d   0x1c  Code  Gb  xfail_s.o [3]
__iar_Memchr            0x08002015         Code  Gb  memchr.o [5]
__iar_Memset4_word      0x080061cd         Code  Gb  ABImemset48.o [5]
__iar_Memset8_word      0x080061cd         Code  Gb  ABImemset48.o [5]
__iar_Sin32             0x080038ad  0x198  Code  Lc  cos_sin32.o [4]
__iar_Sin64             0x08004651  0x3b2  Code  Lc  cos_sin64.o [4]
__iar_Sto64             0x08004411  0x1a6  Code  Gb  strto64.o [4]
__iar_Stoflt            0x08005dcd  0x1c8  Code  Gb  iar_Stoflt.o [3]
__iar_Stopfx            0x08005cad  0x120  Code  Gb  iar_Stopfx.o [3]
__iar_Stoulx            0x08008029  0x114  Code  Gb  iar_Stoulx.o [3]
__iar_Stoxflt           0x08005f95  0x1de  Code  Gb  iar_Stoxflt.o [3]
__iar_Stoxflt::digits   0x08006178   0x18  Data  Lc  iar_Stoxflt.o [3]
__iar_Stoxflt::vals     0x08006190   0x18  Data  Lc  iar_Stoxflt.o [3]
__iar_Strchr            0x08001f85         Code  Gb  strchr.o [5]
__iar_atan2_32          0x08003aad         Code  Gb  atan2f.o [4]
__iar_cos32             0x08003a85    0x4  Code  Gb  cos_sin32.o [4]
__iar_cos64             0x08004a95    0x4  Code  Gb  cos_sin64.o [4]
__iar_cos_medium        0x08004a95    0x4  Code  Gb  cos_sin64.o [4]
__iar_cos_medium32      0x08003a85    0x4  Code  Gb  cos_sin32.o [4]
__iar_cos_medium64      0x08004a95    0x4  Code  Gb  cos_sin64.o [4]
__iar_cos_mediumf       0x08003a85    0x4  Code  Gb  cos_sin32.o [4]
__iar_cos_mediuml       0x08004a95    0x4  Code  Gb  cos_sin64.o [4]
__iar_dadd              0x08002765         Code  Gb  DblSub.o [4]
__iar_data_init3        0x080083fd   0x28  Code  Gb  data_init.o [5]
__iar_dlmalloc          0x08000e45  0x2b6  Code  Gb  dlmalloc.o [3]
__iar_dsub              0x08002ad9         Code  Gb  DblAdd.o [4]
__iar_dsubStart         0x08002aeb         Code  Gb  DblAdd.o [4]
__iar_frexp             0x080024f5         Code  Gb  frexp.o [4]
__iar_frexpl            0x080024f5         Code  Gb  frexp.o [4]
__iar_init_vfp          0x08008425         Code  Gb  fpinit_M.o [4]
__iar_ldexp64           0x080025b9         Code  Gb  ldexp.o [4]
__iar_packbits_init3    0x080082c1   0x9c  Code  Gb  packbits_init.o [5]
__iar_program_start     0x080084b9         Code  Gb  cstartup_M.o [5]
__iar_scalbln64         0x080025b9         Code  Gb  ldexp.o [4]
__iar_scalbn64          0x080025b9         Code  Gb  ldexp.o [4]
__iar_sin32             0x08003a89    0x4  Code  Gb  cos_sin32.o [4]
__iar_sin_medium32      0x08003a89    0x4  Code  Gb  cos_sin32.o [4]
__iar_sin_mediumf       0x08003a89    0x4  Code  Gb  cos_sin32.o [4]
__iar_softfp___iar_frexp64
                        0x080024e9         Code  Gb  frexp.o [4]
__iar_softfp_frexp      0x080024e9         Code  Gb  frexp.o [4]
__iar_softfp_frexpl     0x080024e9         Code  Gb  frexp.o [4]
__iar_sqrt32            0x08003a8d         Code  Gb  sqrtf.o [4]
__iar_sqrt64            0x08003eb1         Code  Gb  sqrt.o [4]
__iar_systems$$module {Abs}
                        0x00000001         Data  Gb  command line/config [2]
__iar_vfp___iar_sqrt64  0x08003ea1         Code  Gb  sqrt.o [4]
__iar_vfp_atof          0x0800384f    0x8  Code  Gb  math_wrappers64.o [4]
__iar_vfp_cos           0x08003857    0xc  Code  Gb  math_wrappers64.o [4]
__iar_vfp_sqrt          0x08003ea1         Code  Gb  sqrt.o [4]
__iar_vfp_sqrtl         0x08003ea1         Code  Gb  sqrt.o [4]
__iar_xatanf            0x08004a99         Code  Gb  xatanf.o [4]
__iar_zero_init3        0x080083bd   0x40  Code  Gb  zero_init3.o [5]
__low_level_init        0x08008493    0x4  Code  Gb  low_level_init.o [3]
__vector_table          0x08000000         Data  Gb  startup_stm32f407xx.o [1]
_call_main              0x08008481         Code  Gb  cmain.o [5]
_cmd_help               0x08003db9    0xc  Code  Lc  cmd.o [1]
_exit                   0x0800849d         Code  Gb  cexit.o [5]
_gm_                    0x20000714  0x1d8  Data  Lc  dlmalloc.o [3]
_main                   0x0800848f         Code  Gb  cmain.o [5]
abort                   0x08001101    0x6  Code  Gb  abort.o [3]
action_init_posx        0x20000f8c    0x4  Data  Gb  chassis.o [1]
action_init_posy        0x20000f90    0x4  Data  Gb  chassis.o [1]
add_segment             0x0800054d  0x1f2  Code  Lc  dlmalloc.o [3]
atan2f                  0x08003aad         Code  Gb  atan2f.o [4]
atof                    0x080045fd    0x8  Code  Gb  strto64.o [4]
atoi                    0x08008143    0x2  Code  Gb  iar_Stoulx.o [3]
buffer_count            0x20000be4    0x4  Data  Gb  cmd.o [1]
can_TX_data             0x20000fb0    0x8  Data  Gb  maxon.o [1]
can_callback_table      0x20000d44    0x4  Data  Lc  can_utils.o [1]
can_exc_callback        0x08004033   0x1e  Code  Gb  can_utils.o [1]
can_exc_callback_flag   0x20000d20    0x4  Data  Gb  can_utils.o [1]
can_func_init           0x08005ca9    0x2  Code  Gb  can_func.o [1]
can_init                0x08003fa5   0x8e  Code  Gb  can_utils.o [1]
can_rx_data             0x20000d08    0x8  Data  Gb  can_utils.o [1]
can_send_msg            0x08004077   0x18  Code  Gb  can_utils.o [1]
can_tx_data             0x20000d10    0x8  Data  Gb  can_utils.o [1]
chassis                 0x20000648   0x48  Data  Gb  chassis.o [1]
chassis_PID_Angle_Control
                        0x08002dcd   0x34  Code  Gb  chassis.o [1]
chassis_PID_Angle_Control::angle_last_err
                        0x200006ec    0x4  Data  Lc  chassis.o [1]
chassis_angle_subtract  0x08002d71   0x5c  Code  Gb  chassis.o [1]
chassis_gostraight_zx   0x08002e01   0xec  Code  Gb  chassis.o [1]
chassis_init            0x08002c5b   0x1c  Code  Gb  chassis.o [1]
chassis_init_pos        0x08002c77   0x32  Code  Gb  chassis.o [1]
chassis_status          0x20000690   0x18  Data  Gb  chassis.o [1]
chassis_turn_angle_KD   0x200006e8    0x4  Data  Gb  chassis.o [1]
chassis_turn_angle_KP   0x200006e4    0x4  Data  Gb  chassis.o [1]
chassis_update          0x08002ca9   0xba  Code  Gb  chassis.o [1]
chassis_zero            0x08002c41   0x1a  Code  Gb  chassis.o [1]
cmd_add                 0x08003d25   0x52  Code  Gb  cmd.o [1]
cmd_argv                0x20000be8   0x30  Data  Gb  cmd.o [1]
cmd_exec                0x08003cdd   0x2a  Code  Gb  cmd.o [1]
cmd_func_init           0x08007d19   0x66  Code  Gb  cmd_func.o [1]
cmd_go_to_point_for_test
                        0x08007e35   0x5c  Code  Gb  cmd_func.o [1]
cmd_hello_func          0x08007d81    0x6  Code  Gb  cmd_func.o [1]
cmd_help_func           0x08003d09   0x1c  Code  Gb  cmd.o [1]
cmd_init                0x08003bad   0x28  Code  Gb  cmd.o [1]
cmd_line_control_PID    0x08007de5   0x4e  Code  Gb  cmd_func.o [1]
cmd_parse               0x08003cb1   0x2c  Code  Gb  cmd.o [1]
cmd_point_collection_tracer
                        0x08007ea5   0x1c  Code  Gb  cmd_func.o [1]
cmd_print_pos           0x08007d89   0x2c  Code  Gb  cmd_func.o [1]
cmd_stop_flag           0x08007db5   0x2e  Code  Gb  cmd_func.o [1]
cmd_table               0x20000fac    0x4  Data  Lc  cmd.o [1]
cmpAtom                 0x08004b3d    0xc  Code  Lc  hash.o [1]
combine_vec             0x20000640    0x8  Data  Gb  chassis.o [1]
cos                     0x08004a95    0x4  Code  Gb  cos_sin64.o [4]
cosf                    0x08003a85    0x4  Code  Gb  cos_sin32.o [4]
cosl                    0x08004a95    0x4  Code  Gb  cos_sin64.o [4]
ddiv                    0x08004185   0xd0  Code  Lc  strto64.o [4]
digits                  0x0800814c   0x28  Data  Lc  iar_Stoulx.o [3]
dmul                    0x080040b1   0xd2  Code  Lc  strto64.o [4]
exit                    0x08008497    0x4  Code  Gb  exit.o [3]
first_time_controler    0x200006b4    0x4  Data  Gb  chassis.o [1]
freeKeyAtom             0x08004b4d    0x2  Code  Lc  hash.o [1]
go_to_point_for_test    0x0800359d   0xd0  Code  Gb  chassis.o [1]
go_to_point_x           0x20000f9c    0x4  Data  Gb  cmd_func.o [1]
go_to_point_y           0x20000fa0    0x4  Data  Gb  cmd_func.o [1]
hashAtom                0x08004b49    0x4  Code  Lc  hash.o [1]
hashStr                 0x08004b4f   0x1e  Code  Gb  hash.o [1]
hash_id                 0x0800409d    0x4  Code  Lc  can_utils.o [1]
hcan1                   0x20000f0c   0x28  Data  Gb  can.o [1]
hdma_usart1_rx          0x2000094c   0x60  Data  Gb  usart.o [1]
hdma_usart1_tx          0x200008ec   0x60  Data  Gb  usart.o [1]
hdma_usart3_rx          0x200009ac   0x60  Data  Gb  usart.o [1]
hdma_usart3_tx          0x20000a0c   0x60  Data  Gb  usart.o [1]
htim1                   0x20000d4c   0x40  Data  Gb  tim.o [1]
htim3                   0x20000d8c   0x40  Data  Gb  tim.o [1]
huart1                  0x20000e4c   0x40  Data  Gb  usart.o [1]
huart2                  0x20000e8c   0x40  Data  Gb  usart.o [1]
huart3                  0x20000ecc   0x40  Data  Gb  usart.o [1]
huart4                  0x20000dcc   0x40  Data  Gb  usart.o [1]
huart5                  0x20000e0c   0x40  Data  Gb  usart.o [1]
id_cmp                  0x080040a1   0x10  Code  Lc  can_utils.o [1]
init_mparams            0x080001a7   0x32  Code  Lc  dlmalloc.o [3]
init_top                0x080001d9   0x32  Code  Lc  dlmalloc.o [3]
ldexp                   0x080025b9         Code  Gb  ldexp.o [4]
ldexpl                  0x080025b9         Code  Gb  ldexp.o [4]
line_control            0x08002fc9  0x13c  Code  Gb  chassis.o [1]
line_control_PID        0x200006c4   0x20  Data  Gb  chassis.o [1]
line_control_flag_first
                        0x200006ac    0x4  Data  Lc  chassis.o [1]
line_control_vec        0x20000f94    0x8  Data  Gb  chassis.o [1]
main                    0x08005b05   0xd8  Code  Gb  main.o [1]
main_flag               0x20000fa4    0x8  Data  Gb  main.o [1]
maxon_canset3speed      0x080037c9   0x74  Code  Gb  maxon.o [1]
memchr                  0x08002015         Code  Gb  memchr.o [5]
mparams                 0x20000f74   0x18  Data  Lc  dlmalloc.o [3]
ndigs                   0x08008174   0x28  Data  Lc  iar_Stoulx.o [3]
origin_angle            0x200006b0    0x4  Data  Lc  chassis.o [1]
origin_distance         0x200006b8    0x4  Data  Lc  chassis.o [1]
point_arrive            0x08003373   0x1a  Code  Gb  chassis.o [1]
point_arrived_flag      0x200006bc    0x4  Data  Lc  chassis.o [1]
point_collection_tracer
                        0x080034a5   0xf6  Code  Gb  chassis.o [1]
point_count_control_flag
                        0x200006c0    0x4  Data  Lc  chassis.o [1]
point_retrack_first_ref_flag
                        0x200006a8    0x4  Data  Lc  chassis.o [1]
point_tracer            0x08003395   0xd6  Code  Gb  chassis.o [1]
point_tracer_angle_return
                        0x08003105   0x28  Code  Gb  chassis.o [1]
point_tracer_angle_return_static
                        0x08003135   0x10  Code  Gb  chassis.o [1]
posture                 0x20000f5c   0x18  Data  Lc  cmd.o [1]
pows                    0x08004608   0x48  Data  Lc  strto64.o [4]
prepend_alloc           0x0800020b  0x342  Code  Lc  dlmalloc.o [3]
print_buffer            0x20000b18   0x68  Data  Gb  cmd.o [1]
rx_buffer               0x20000d18    0x8  Data  Lc  can_utils.o [1]
rx_id                   0x20000d40    0x4  Data  Lc  can_utils.o [1]
scalbln                 0x080025b9         Code  Gb  ldexp.o [4]
scalblnl                0x080025b9         Code  Gb  ldexp.o [4]
scalbn                  0x080025b9         Code  Gb  ldexp.o [4]
scalbnl                 0x080025b9         Code  Gb  ldexp.o [4]
scale                   0x0800180f   0x46  Code  Lc  xprintffull_nomb.o [3]
sec_hand                0x20000fc4    0x4  Data  Lc  xfail_s.o [3]
segment_holding         0x08000189   0x1e  Code  Lc  dlmalloc.o [3]
send_id                 0x20000ce0    0xc  Data  Gb  configure.o [1]
simplelib_init          0x08007239   0x22  Code  Gb  simplelib.o [1]
simplelib_run           0x0800725b   0x20  Code  Gb  simplelib.o [1]
sinf                    0x08003a89    0x4  Code  Gb  cos_sin32.o [4]
speed_trapezium         0x08003221  0x152  Code  Gb  chassis.o [1]
speed_vec_add           0x08002f35   0x7e  Code  Gb  chassis.o [1]
speed_vec_mul           0x08002fb3   0x14  Code  Gb  chassis.o [1]
sqrt                    0x08003eb1         Code  Gb  sqrt.o [4]
sqrtf                   0x08003a8d         Code  Gb  sqrtf.o [4]
sqrtl                   0x08003eb1         Code  Gb  sqrt.o [4]
state_reset             0x08003695   0x1a  Code  Gb  chassis.o [1]
str_cmp                 0x08003da9    0xe  Code  Lc  cmd.o [1]
strchr                  0x08001f85         Code  Gb  strchr.o [5]
strcmp                  0x08005465         Code  Gb  strcmp.o [5]
strcpy                  0x08005395         Code  Gb  strcpy.o [5]
strcspn                 0x08006b83   0x22  Code  Gb  strcspn.o [3]
strlen                  0x08001fdd         Code  Gb  strlen.o [5]
strspn                  0x08006b61   0x22  Code  Gb  strspn.o [3]
strtok                  0x080053e1   0x48  Code  Gb  strtok.o [3]
sys_alloc               0x08000745  0x164  Code  Lc  dlmalloc.o [3]
tmalloc_large           0x080008b5  0x384  Code  Lc  dlmalloc.o [3]
tmalloc_small           0x08000c39  0x1fe  Code  Lc  dlmalloc.o [3]
uprintf                 0x08003d77   0x26  Code  Gb  cmd.o [1]
usart_DMA_init          0x08003b95   0x18  Code  Gb  cmd.o [1]
usart_exc_DMA           0x08003bd5   0x28  Code  Gb  cmd.o [1]
usart_exc_DMA_vega      0x08003dc5   0x66  Code  Gb  cmd.o [1]
uwTick                  0x20000700    0x4  Data  Gb  stm32f4xx_hal.o [1]
uwTickFreq              0x200006fc    0x1  Data  Gb  stm32f4xx_hal.o [1]
uwTickPrio              0x20000704    0x4  Data  Gb  stm32f4xx_hal.o [1]
vec_create              0x080037c7    0x2  Code  Gb  vec.o [1]
vec_model               0x080037a9   0x1e  Code  Gb  vec.o [1]
vsnprintf               0x08005429   0x3c  Code  Gb  vsnprint.o [3]
zx_points_pos_x         0x20000000  0x320  Data  Gb  point_zx.o [1]
zx_points_pos_y         0x20000320  0x320  Data  Gb  point_zx.o [1]


[1] = D:\RoboconCode\19_frame\EWARM\19_frame\Obj
[2] = command line
[3] = dl7M_tln.a
[4] = m7M_tls.a
[5] = rt7M_tl.a
[6] = shb_l.a

  34 234 bytes of readonly  code memory
     167 bytes of readonly  data memory
  20 424 bytes of readwrite data memory

Errors: none
Warnings: none
